[Licensing::Module] Trying to connect to existing licensing client channel...
Built from '6000.6/respin/6000.6.0f1-fa21a270ab12' branch; Version is '6000.6.0f1 (f7f8ed4d1e24) revision 16251117'; Using compiler version '194234433'; Build Type 'Release'
[Licensing::IpcConnector] Successfully connected to: "LicenseClient-laiet" at "2026-09-19T15:08:24.1909321Z"
OS: 'Windows 11  (10.0.26200) Core' Language: 'en' Physical Memory: 32389 MB
BatchMode: 1, IsHumanControllingUs: 0, StartBugReporterOnCrash: 0, Is64bit: 1
System  architecture: x64
Process architecture: x64
Date: 2026-09-19T15:08:24Z
[Licensing::Client] Code 10 while verifying Licensing Client signature (process Id: 21856, path: "C:/Program Files/Unity Hub/UnityLicensingClient_V1/Unity.Licensing.Client.exe")
[Licensing::Module] LicensingClient has failed validation; ignoring
[Licensing::Client] Error: HandshakeResponse reported an error:
	ResponseCode: 505
	ResponseStatus: Unsupported protocol version '1.18.3'.
[Licensing::Module] Error: Failed to handshake to channel: "LicenseClient-laiet"
[Licensing::IpcConnector] LicenseClient-laiet channel disconnected successfully.
[Licensing::IpcConnector] Successfully connected to: "LicenseClient-laiet-6000.6.0" at "2026-09-19T15:08:24.283335Z"
[Licensing::Client] Code 10 while verifying Licensing Client signature (process Id: 33912, path: "C:/Program Files/Unity/Hub/Editor/6000.6.0f1/Editor/Data/Resources/Licensing/Client/Unity.Licensing.Client.exe")
[Licensing::Module] LicensingClient has failed validation; ignoring
[Licensing::Client] Handshaking with LicensingClient:
  Version:                 1.18.3+d7ffd15
  Session Id:              5ea9ba7bdba04aaeb07f5f90388c512e
  Correlation Id:          fb2ee6f14907a2b5c5f65a6a70918669
  External correlation Id: 6798202658547244209
  Machine Id:              HCb8288S53yk6J8ODf7DAeTIerY=
[Licensing::Module] Successfully connected to LicensingClient on channel: "LicenseClient-laiet-6000.6.0" (connect: 0.00s, validation: 0.00s, handshake: 0.02s)
[Licensing::IpcConnector] Successfully connected to: "LicenseClient-laiet-6000.6.0-notifications" at "2026-09-19T15:08:24.3043538Z"
[Licensing::Module] Licensing Background thread has ended after 0.11s

COMMAND LINE ARGUMENTS:
C:\Program Files\Unity\Hub\Editor\6000.6.0f1\Editor\Unity.exe
-adb2
-batchMode
-noUpm
-name
AssetImportWorkerHW4
-projectPath
C:/Users/laiet/Desktop/Projects/bus-driver/BusDriver
-logFile
Logs/AssetImportWorkerHW4.log
-srvPort
64994
-parentPid
13432
-analyticsCloudUserId
3573732810916
-analyticsLocalProjectId
9bb8911c4fbd0cd49aed397f86ff2d8a
-editorAnalyticsEnabled
1
-cbmEditorLicense
cee8404d656a25eda48dfaf9880f2cb50a205b1c
-cbmMachineId
HCb8288S53yk6J8ODf7DAeTIerY=
-noDiagnosticSwitchPersistentStore
-job-worker-count
9
-background-job-worker-count
8
-asset-garbage-collectors
1
-force-d3d12
-name
AssetImport
Successfully changed project path to: C:/Users/laiet/Desktop/Projects/bus-driver/BusDriver
C:/Users/laiet/Desktop/Projects/bus-driver/BusDriver
[UnityMemory] Configuration Parameters - Can be set up in boot.config
    "memorysetup-temp-allocator-size-gi-baking-worker=262144"
    "memorysetup-temp-allocator-size-gi-baking-worker=262144"
    "memorysetup-temp-allocator-size-gi-baking-worker=262144"
    "memorysetup-temp-allocator-size-gi-baking-worker=262144"
    "memorysetup-temp-allocator-size-gi-baking-worker=262144"
    "memorysetup-temp-allocator-size-nav-mesh-worker=65536"
    "memorysetup-temp-allocator-size-audio-worker=65536"
    "memorysetup-temp-allocator-size-cloud-worker=32768"
    "memorysetup-temp-allocator-size-gfx=262144"
    "memorysetup-remapper-allocator-initial-capacity=32768"
    "memorysetup-temp-allocator-size-preload-manager=33554432"
    "memorysetup-allocator-temp-initial-block-size-main=262144"
    "memorysetup-allocator-temp-initial-block-size-worker=262144"
    "memorysetup-temp-allocator-size-job-worker=262144"
    "memorysetup-temp-allocator-size-background-worker=32768"
    "memorysetup-bucket-allocator-granularity=16"
    "memorysetup-bucket-allocator-bucket-count=8"
    "memorysetup-bucket-allocator-block-size=33554432"
    "memorysetup-bucket-allocator-block-count=8"
    "memorysetup-main-allocator-block-size=16777216"
    "memorysetup-thread-allocator-block-size=16777216"
    "memorysetup-main-allocator-mimalloc-enabled=1"
    "memorysetup-gfx-main-allocator-block-size=16777216"
    "memorysetup-gfx-thread-allocator-block-size=16777216"
    "memorysetup-cache-allocator-block-size=4194304"
    "memorysetup-typetree-allocator-block-size=2097152"
    "memorysetup-profiler-bucket-allocator-granularity=16"
    "memorysetup-profiler-bucket-allocator-bucket-count=8"
    "memorysetup-profiler-bucket-allocator-block-size=33554432"
    "memorysetup-profiler-bucket-allocator-block-count=8"
    "memorysetup-profiler-allocator-block-size=16777216"
    "memorysetup-profiler-editor-allocator-block-size=1048576"
    "memorysetup-temp-allocator-size-main=16777216"
    "memorysetup-job-temp-allocator-block-size=2097152"
    "memorysetup-job-temp-allocator-block-size-background=1048576"
    "memorysetup-job-temp-allocator-reduction-small-platforms=262144"
Player connection [14624]  Target information:

Player connection [14624]  * "[IP] 10.24.32.72 [Port] 0 [Flags] 2 [Guid] 3043820655 [EditorId] 3043820655 [Version] 1048832 [Id] WindowsEditor(7,EthanLai_Laptop) [Debug] 1 [PackageName] WindowsEditor [ProjectName] Editor" 

Player connection [14624] Host joined multi-casting on [225.0.0.222:54997]...
Player connection [14624] Host joined alternative multi-casting on [225.0.0.222:34997]...
JobSystem: Creating JobQueue using job-worker-count value 9
Input System module state changed to: Initialized.
[Physics::Module] Initialized fallback backend.
[Physics::Module] Id: 0xdecafbad
Library Redirect Path: Library/
[Physics::Module] Selected backend.
[Physics::Module] Name: PhysX
[Physics::Module] Id: 0xf2b8ea05
[Physics::Module] SDK Version: 4.1.2
[Physics::Module] Integration Version: 1.0.0
[Physics::Module] Threading Mode: Multi-Threaded
Refreshing native plugins compatible for Editor in 6.63 ms, found 4 plugins.
Initialize engine version: 6000.6.0f1 (f7f8ed4d1e24)
[EntityIdStore] init: VM path (explicit commit), pageSize=4096, blockCount=1048576, entitiesPerBlock=256, slots reserved=4294967296 bytes
[Subsystems] Discovering subsystems at path C:/Program Files/Unity/Hub/Editor/6000.6.0f1/Editor/Data/Resources/UnitySubsystems
[Subsystems] Discovering subsystems at path C:/Users/laiet/Desktop/Projects/bus-driver/BusDriver/Assets
Forcing GfxDevice: Direct3D 12
GfxDevice: creating device client; kGfxThreadingModeNonThreaded
d3d12: failed to query info queue interface (0x80004002).
Direct3D:
    Version:         Direct3D 12 [level 12.2]
    Renderer:        NVIDIA GeForce RTX 4070 Laptop GPU (ID=0x2820)
    Vendor:          NVIDIA
    VRAM:            7948 MB
    App VRAM Budget: 7180 MB
    Driver:          32.0.15.6607
Initialize mono
Mono path[0] = 'C:/Program Files/Unity/Hub/Editor/6000.6.0f1/Editor/Data/Managed'
Mono path[1] = 'C:/Program Files/Unity/Hub/Editor/6000.6.0f1/Editor/Data/BCLExtensions/runtime/netstandard2.1'
Mono path[2] = 'C:/Program Files/Unity/Hub/Editor/6000.6.0f1/Editor/Data/MonoBleedingEdge/lib/mono/unityjit-win32'
Mono config path = 'C:/Program Files/Unity/Hub/Editor/6000.6.0f1/Editor/Data/MonoBleedingEdge/etc'
Using monoOptions --debugger-agent=transport=dt_socket,embedding=1,server=y,suspend=n,address=127.0.0.1:56108
CodeReloadManager initialized
Begin MonoManager ReloadAssembly
Registering precompiled unity dll's ...
Register platform support module: C:/Program Files/Unity/Hub/Editor/6000.6.0f1/Editor/Data/PlaybackEngines/WindowsStandaloneSupport/UnityEditor.WindowsStandalone.Extensions.dll
Registered in 0.003733 seconds.
Native extension for WindowsStandalone target not found
Package Manager log level set to [2]
[Package Manager] Failed to launch server process. Reason: Unity was launched with the -noUpm command-line argument
[Package Manager] Unable to send message (not connected to server process).
[Package Manager] Cannot connect to Unity Package Manager local server
ScheduleIndexationOnStartup MainProcess:False IndexOnStartup:True
Scripting: successfully reloaded assembly
- Finished resetting the current domain, in  1.142 seconds
Domain Reload Profiling: 2389ms
	BeginReloadAssembly (299ms)
	RebuildCommonClasses (13ms)
	RebuildNativeTypeToScriptingClass (43ms)
	initialDomainReloadingComplete (151ms)
	LoadAllAssembliesAndSetupDomain (739ms)
		LoadAssemblies (289ms)
		TypeCache.Refresh (505ms)
			TypeCache.ScanAssembly (478ms)
		AnalyzeDomain (1ms)
	FinalizeReload (1144ms)
		SetupLoadedEditorAssemblies (0ms)
			LogAssemblyErrors (4ms)
			InitializePlatformSupportModulesInManaged (5ms)
			BeforeProcessingInitializeOnLoad (231ms)
			ProcessInitializeOnLoadAttributes (244ms)
			ProcessInitializeOnLoadMethodAttributes (441ms)
Initializing Unity extensions:
[Licensing::Client] Successfully resolved entitlement details
[Licensing::Module] License group:
  Id: F4-3WKU-2EDZ-P6WP-CPPR-XXXX
  Product: Unity Personal
  Type: ULF
  Expiration: Unlimited
========================================================================
Worker process is ready to serve import requests
Import Worker Mode flag is 0x00
Begin MonoManager ReloadAssembly
'Packages/com.unity.render-pipelines.core/Editor/Deprecated.cs' contains partial class of Unity.Object, exactly 1 of the partial classes needs to be in a file with the same filename. This is to know the one that can be referenced from ie. GameObjects
'Packages/com.unity.render-pipelines.core/Editor/Deprecated.cs' contains partial class of Unity.Object, exactly 1 of the partial classes needs to be in a file with the same filename. This is to know the one that can be referenced from ie. GameObjects
Refreshing native plugins compatible for Editor in 3.03 ms, found 4 plugins.
Native extension for WindowsStandalone target not found
[Package Manager] Failed to launch server process. Reason: Unity was launched with the -noUpm command-line argument
[Package Manager] Unable to send message (not connected to server process).
[Package Manager] Cannot connect to Unity Package Manager local server
[Package Manager] Failed to launch server process. Reason: Unity was launched with the -noUpm command-line argument
[Package Manager] Unable to send message (not connected to server process).
[Package Manager] Cannot connect to Unity Package Manager local server
ScheduleIndexationOnStartup MainProcess:False IndexOnStartup:True
Scripting: successfully reloaded assembly
- Finished resetting the current domain, in  1.809 seconds
Domain Reload Profiling: 4139ms
	BeginReloadAssembly (471ms)
		DisableScriptedObjects (19ms)
		CreateAndSetChildDomain (59ms)
	RebuildCommonClasses (22ms)
	RebuildNativeTypeToScriptingClass (42ms)
	initialDomainReloadingComplete (136ms)
	LoadAllAssembliesAndSetupDomain (1658ms)
		LoadAssemblies (902ms)
		TypeCache.Refresh (432ms)
			TypeCache.ScanAssembly (406ms)
		AnalyzeDomain (196ms)
			BuildScriptInfoCaches (181ms)
			ResolveRequiredComponents (12ms)
	FinalizeReload (1811ms)
		SetupLoadedEditorAssemblies (0ms)
			LogAssemblyErrors (12ms)
			InitializePlatformSupportModulesInManaged (4ms)
			BeforeProcessingInitializeOnLoad (240ms)
			ProcessInitializeOnLoadAttributes (657ms)
			ProcessInitializeOnLoadMethodAttributes (159ms)
			AfterProcessingInitializeOnLoad (15ms)
		AwakeInstancesAfterBackupRestoration (18ms)
AcceleratorClientConnectionCallback - disconnected - :0
Launched and connected shader compiler UnityShaderCompiler.exe after 0.02 seconds
Refreshing native plugins compatible for Editor in 2.60 ms, found 4 plugins.
Unloading 63 Unused Serialized files (Serialized files now loaded: 0)
Unloading 6625 unused Assets / (9.6 MB). Loaded Objects now: 7466.
Memory consumption went from 335.6 MB to 326.0 MB.
Total: 14.008200 ms (FindLiveObjects: 1.696500 ms CreateObjectMapping: 0.406500 ms MarkObjects: 7.983700 ms  DeleteObjects: 3.485500 ms)

========================================================================
Received Import Request.
  Time of request: 2026-09-19T15:08:34.6850698Z
  Time since last request: 365774.47082719998434 seconds.
  importAddress: GUID: d8ce10b4215bd81438b65f7e23ac0946 - Path: Packages/com.unity.render-pipelines.core/Editor/Volume/VolumeParameterDrawer.cs - Importer: ScriptedImporter/UnityEditor.QuickSearchModule:UnityEditor.Search:ASIAI0B
Importing 'GUID: d8ce10b4215bd81438b65f7e23ac0946 - Path: Packages/com.unity.render-pipelines.core/Editor/Volume/VolumeParameterDrawer.cs - Importer: ScriptedImporter/UnityEditor.QuickSearchModule:UnityEditor.Search:ASIAI0B' with importer (ScriptedImporter : UnityEditor.QuickSearchModule:UnityEditor.Search:ASIAI0B)
Imported 'GUID: d8ce10b4215bd81438b65f7e23ac0946' -> (Import Result ID: 'f5724b6ca67d63e8e684d3543975d96c') in 0.190 seconds [static and dynamic dependencies]. Details - ImportResultOutputID=c9ee44919c7646f4a120a81dd91293f3 DependenciesID=f45ef6e09ee91b134d1737f0edf216bb StaticDependenciesID=d81214e61075ca5d6282f323396ada4e 
Number of updated asset objects reloaded before import = 0
Number of asset objects unloaded after import = 0
========================================================================
Received Import Request.
  Time of request: 2026-09-19T15:08:34.9065346Z
  Time since last request: 0.000097 seconds.
  importAddress: GUID: b9e58b38929a83b4aa0fd7b0d0144014 - Path: Packages/com.unity.render-pipelines.core/Editor/Upscaling/UpscalerOptionsEditor.cs - Importer: ScriptedImporter/UnityEditor.QuickSearchModule:UnityEditor.Search:ASIAI0B
Importing 'GUID: b9e58b38929a83b4aa0fd7b0d0144014 - Path: Packages/com.unity.render-pipelines.core/Editor/Upscaling/UpscalerOptionsEditor.cs - Importer: ScriptedImporter/UnityEditor.QuickSearchModule:UnityEditor.Search:ASIAI0B' with importer (ScriptedImporter : UnityEditor.QuickSearchModule:UnityEditor.Search:ASIAI0B)
Imported 'GUID: b9e58b38929a83b4aa0fd7b0d0144014' -> (Import Result ID: '3203902e5f34b41a7f7f0f9a6eddb976') in 0.005 seconds [static and dynamic dependencies]. Details - ImportResultOutputID=db1c99a804eaba4793fa18f4429bc481 DependenciesID=6fc609748ffbf87489a736c80fd32337 StaticDependenciesID=4a6f0da9d584e048fbf4decc50cb8843 
Number of updated asset objects reloaded before import = 0
Number of asset objects unloaded after import = 0
========================================================================
Received Import Request.
  Time of request: 2026-09-19T15:08:34.9297092Z
  Time since last request: 0.0005156 seconds.
  importAddress: GUID: 61649e120aa78c04e8b44d1c5af17d35 - Path: Packages/com.unity.render-pipelines.core/Runtime/Common/ConstantBuffer.cs - Importer: ScriptedImporter/UnityEditor.QuickSearchModule:UnityEditor.Search:ASIAI0B
Importing 'GUID: 61649e120aa78c04e8b44d1c5af17d35 - Path: Packages/com.unity.render-pipelines.core/Runtime/Common/ConstantBuffer.cs - Importer: ScriptedImporter/UnityEditor.QuickSearchModule:UnityEditor.Search:ASIAI0B' with importer (ScriptedImporter : UnityEditor.QuickSearchModule:UnityEditor.Search:ASIAI0B)
Imported 'GUID: 61649e120aa78c04e8b44d1c5af17d35' -> (Import Result ID: '646161425785aa91e850cfbe87168083') in 0.003 seconds [static and dynamic dependencies]. Details - ImportResultOutputID=31756de03e8adc59a25e7242c808e436 DependenciesID=11110da05302dd1d86248af999b41fa0 StaticDependenciesID=0d00b1d0ccaca0b1cd92b3dde148c42e 
Number of updated asset objects reloaded before import = 0
Number of asset objects unloaded after import = 0
========================================================================
Received Import Request.
  Time of request: 2026-09-19T15:08:34.9482607Z
  Time since last request: 0.0005952 seconds.
  importAddress: GUID: 78d06e068976749e285dd70a52d49c80 - Path: Packages/com.unity.render-pipelines.core/Editor/Utilities/GenericEditorTool.cs - Importer: ScriptedImporter/UnityEditor.QuickSearchModule:UnityEditor.Search:ASIAI0B
Importing 'GUID: 78d06e068976749e285dd70a52d49c80 - Path: Packages/com.unity.render-pipelines.core/Editor/Utilities/GenericEditorTool.cs - Importer: ScriptedImporter/UnityEditor.QuickSearchModule:UnityEditor.Search:ASIAI0B' with importer (ScriptedImporter : UnityEditor.QuickSearchModule:UnityEditor.Search:ASIAI0B)
Imported 'GUID: 78d06e068976749e285dd70a52d49c80' -> (Import Result ID: '27d127cf8b98c28c45a1ca5f8ad8b580') in 0.003 seconds [static and dynamic dependencies]. Details - ImportResultOutputID=e3d3309862de5ee8f406058da600366a DependenciesID=e8a728d415c408c1083c289be711e77d StaticDependenciesID=2050f3af5946112936f46754411e48c1 
Number of updated asset objects reloaded before import = 0
Number of asset objects unloaded after import = 0
========================================================================
Received Import Request.
  Time of request: 2026-09-19T15:08:34.9674493Z
  Time since last request: 0.000502 seconds.
  importAddress: GUID: 3d45844b7594ca649b150d24562f5429 - Path: Packages/com.unity.render-pipelines.core/Editor/Upscaling/DLSSOptionsEditor.cs - Importer: ScriptedImporter/UnityEditor.QuickSearchModule:UnityEditor.Search:ASIAI0B
Importing 'GUID: 3d45844b7594ca649b150d24562f5429 - Path: Packages/com.unity.render-pipelines.core/Editor/Upscaling/DLSSOptionsEditor.cs - Importer: ScriptedImporter/UnityEditor.QuickSearchModule:UnityEditor.Search:ASIAI0B' with importer (ScriptedImporter : UnityEditor.QuickSearchModule:UnityEditor.Search:ASIAI0B)
Imported 'GUID: 3d45844b7594ca649b150d24562f5429' -> (Import Result ID: 'd13a65a2d5fb1d41a38bc75d9b89f3c5') in 0.003 seconds [static and dynamic dependencies]. Details - ImportResultOutputID=7fc5d2b86f1d317ef794dfabade8ef85 DependenciesID=31fd8d27985c3f84bcbfd3a6b6fd64a5 StaticDependenciesID=d3c32c81d12c02df154411912152f64b 
Number of updated asset objects reloaded before import = 0
Number of asset objects unloaded after import = 0
========================================================================
Received Import Request.
  Time of request: 2026-09-19T15:08:34.9865796Z
  Time since last request: 0.0004971 seconds.
  importAddress: GUID: f3ec0801d05bcb24c8a404d62f357d9c - Path: Packages/com.unity.render-pipelines.core/Editor/Volume/VolumeComponentListEditor.cs - Importer: ScriptedImporter/UnityEditor.QuickSearchModule:UnityEditor.Search:ASIAI0B
Importing 'GUID: f3ec0801d05bcb24c8a404d62f357d9c - Path: Packages/com.unity.render-pipelines.core/Editor/Volume/VolumeComponentListEditor.cs - Importer: ScriptedImporter/UnityEditor.QuickSearchModule:UnityEditor.Search:ASIAI0B' with importer (ScriptedImporter : UnityEditor.QuickSearchModule:UnityEditor.Search:ASIAI0B)
Imported 'GUID: f3ec0801d05bcb24c8a404d62f357d9c' -> (Import Result ID: '44f406cc7b29279213d56e3ac9fb0e80') in 0.002 seconds [static and dynamic dependencies]. Details - ImportResultOutputID=9e94b59dcc9610d592da050e9eb6fa13 DependenciesID=145192bf53fad577f638e4d5073d9e08 StaticDependenciesID=48bf873e7f0cd887b5f000888fe180c0 
Number of updated asset objects reloaded before import = 0
Number of asset objects unloaded after import = 0
========================================================================
Received Import Request.
  Time of request: 2026-09-19T15:08:35.0062608Z
  Time since last request: 0.0004564 seconds.
  importAddress: GUID: d367e3b92ff05ac4eb99950f44cc0333 - Path: Packages/com.unity.render-pipelines.core/Editor/UXML/VolumeEditor.uxml - Importer: ScriptedImporter/UnityEditor.QuickSearchModule:UnityEditor.Search:ASIAI0B
Importing 'GUID: d367e3b92ff05ac4eb99950f44cc0333 - Path: Packages/com.unity.render-pipelines.core/Editor/UXML/VolumeEditor.uxml - Importer: ScriptedImporter/UnityEditor.QuickSearchModule:UnityEditor.Search:ASIAI0B' with importer (ScriptedImporter : UnityEditor.QuickSearchModule:UnityEditor.Search:ASIAI0B)
Imported 'GUID: d367e3b92ff05ac4eb99950f44cc0333' -> (Import Result ID: '7e81ef0b5241a5aa6bc7948aefb1fbbc') in 0.384 seconds [static and dynamic dependencies]. Details - ImportResultOutputID=c38fa213d3be0a753a259b011e755326 DependenciesID=c2e2505e9d24cfd26f73e9eda314c316 StaticDependenciesID=cc1ac33cc3b4f47a7ec6cc4713cead10 
Number of updated asset objects reloaded before import = 0
Number of asset objects unloaded after import = 3
========================================================================
Received Prepare
AcceleratorClientConnectionCallback - disconnected - :0
Refreshing native plugins compatible for Editor in 5.40 ms, found 4 plugins.
Unloading 62 Unused Serialized files (Serialized files now loaded: 0)
Unloading 68 unused Assets / (5.6 MB). Loaded Objects now: 7468.
Memory consumption went from 337.2 MB to 331.5 MB.
Total: 17.183000 ms (FindLiveObjects: 1.173300 ms CreateObjectMapping: 0.371600 ms MarkObjects: 12.356500 ms  DeleteObjects: 2.801400 ms)

Prepare: number of updated asset objects reloaded= 0
Editor requested this worker to shutdown with reason: Editor is closing down
AcceleratorClientConnectionCallback - disconnected - :0
AssetImportWorker is now disconnected from the server
Process exiting
[ExitDontLaunchBugReporter] Exiting without the bug reporter. Application will exit with return code 0
